2026-02-01 17:00:00.363305 [WEBSOCKET ERROR] Connection refused

